reading from file dsa.pcap, link-type DSA_TAG_DSA (Marvell DSA), snapshot length 262144
