14:23:28.492791 IP (tos 0x0, ttl 64, id 64028, offset 0, flags [none], proto UDP (17), length 57)
    192.0.0.1.46225 > 192.0.0.2.domain: 22326+ A? example.com. (29)
14:23:28.516326 IP (tos 0x0, ttl 48, id 44689, offset 0, flags [none], proto UDP (17), length 73)
    192.0.0.2.domain > 192.0.0.1.46225: 22326*- 1/0/0 example.com. A 93.184.216.34 (45)
14:23:29.526361 IP (tos 0x0, ttl 64, id 64285, offset 0, flags [none], proto UDP (17), length 68)
    192.0.0.1.46225 > 192.0.0.2.domain: 23828+ [1au] A? example.com. (40)
14:23:29.549994 IP (tos 0x0, ttl 48, id 867, offset 0, flags [none], proto UDP (17), length 255)
    192.0.0.2.domain > 192.0.0.1.46225: 23828*- 2/0/1 example.com. A 93.184.216.34, example.com. RRSIG (227)
14:23:30.560353 IP (tos 0x0, ttl 64, id 64439, offset 0, flags [none], proto UDP (17), length 79)
    192.0.0.1.46225 > 192.0.0.2.domain: 7069+ [1au] A? example.com. (51)
14:23:30.583729 IP (tos 0x0, ttl 48, id 22421, offset 0, flags [none], proto UDP (17), length 95)
    192.0.0.2.domain > 192.0.0.1.46225: 7069*- 1/0/1 example.com. A 93.184.216.34 (67)
14:23:31.593417 IP (tos 0x0, ttl 64, id 64629, offset 0, flags [none], proto UDP (17), length 80)
    192.0.0.1.46225 > 192.0.0.2.domain: 17838+ [1au] A? example.com. (52)
14:23:31.617782 IP (tos 0x0, ttl 48, id 44012, offset 0, flags [none], proto UDP (17), length 96)
    192.0.0.2.domain > 192.0.0.1.46225: 17838*- 1/0/1 example.com. A 93.184.216.34 (68)
14:23:32.627518 IP (tos 0x0, ttl 64, id 64632, offset 0, flags [none], proto UDP (17), length 89)
    192.0.0.1.46225 > 192.0.0.2.domain: 9504+ [1au] A? example.com. (61)
14:23:32.651123 IP (tos 0x0, ttl 48, id 65134, offset 0, flags [none], proto UDP (17), length 105)
    192.0.0.2.domain > 192.0.0.1.46225: 9504*- 1/0/1 example.com. A 93.184.216.34 (77)
14:23:33.661422 IP (tos 0x0, ttl 64, id 64851, offset 0, flags [none], proto UDP (17), length 80)
    192.0.0.1.46225 > 192.0.0.2.domain: 47778+ [1au] A? example.com. (52)
14:23:33.684740 IP (tos 0x0, ttl 48, id 20942, offset 0, flags [none], proto UDP (17), length 112)
    192.0.0.2.domain > 192.0.0.1.46225: 47778*- 1/0/1 example.com. A 93.184.216.34 (84)
14:23:34.694395 IP (tos 0x0, ttl 64, id 64927, offset 0, flags [none], proto UDP (17), length 74)
    192.0.0.1.46225 > 192.0.0.2.domain: 42626+ [1au] A? example.com. (46)
14:23:34.718606 IP (tos 0x0, ttl 48, id 41601, offset 0, flags [none], proto UDP (17), length 255)
    192.0.0.2.domain > 192.0.0.1.46225: 42626*- 2/0/1 example.com. A 93.184.216.34, example.com. RRSIG (227)
14:23:35.728391 IP (tos 0x0, ttl 64, id 65082, offset 0, flags [none], proto UDP (17), length 83)
    192.0.0.1.46225 > 192.0.0.2.domain: 44776+ [1au] A? example.com. (55)
14:23:35.751796 IP (tos 0x0, ttl 48, id 62957, offset 0, flags [none], proto UDP (17), length 255)
    192.0.0.2.domain > 192.0.0.1.46225: 44776*- 2/0/1 example.com. A 93.184.216.34, example.com. RRSIG (227)
14:23:36.761275 IP (tos 0x0, ttl 64, id 65124, offset 0, flags [none], proto UDP (17), length 89)
    192.0.0.1.46225 > 192.0.0.2.domain: 49225+ [1au] A? example.com. (61)
14:23:36.784794 IP (tos 0x0, ttl 48, id 18988, offset 0, flags [none], proto UDP (17), length 255)
    192.0.0.2.domain > 192.0.0.1.46225: 49225*- 2/0/1 example.com. A 93.184.216.34, example.com. RRSIG (227)
14:23:37.794297 IP (tos 0x0, ttl 64, id 65260, offset 0, flags [none], proto UDP (17), length 74)
    192.0.0.1.46225 > 192.0.0.2.domain: 13497+ [1au] A? example.com. (46)
14:23:37.817838 IP (tos 0x0, ttl 48, id 40778, offset 0, flags [none], proto UDP (17), length 84)
    192.0.0.2.domain > 192.0.0.1.46225: 13497*- 1/0/1 example.com. A 93.184.216.34 (56)
14:23:38.828093 IP (tos 0x0, ttl 64, id 65299, offset 0, flags [none], proto UDP (17), length 74)
    192.0.0.1.46225 > 192.0.0.2.domain: 4811+ [1au] A? example.com. (46)
14:23:38.851830 IP (tos 0x0, ttl 48, id 63221, offset 0, flags [none], proto UDP (17), length 255)
    192.0.0.2.domain > 192.0.0.1.46225: 4811*- 2/0/1 example.com. A 93.184.216.34, example.com. RRSIG (227)
14:23:39.861321 IP (tos 0x0, ttl 64, id 65371, offset 0, flags [none], proto UDP (17), length 76)
    192.0.0.1.46225 > 192.0.0.2.domain: 38053+ [1au] A? example.com. (48)
14:23:39.884813 IP (tos 0x0, ttl 48, id 19937, offset 0, flags [none], proto UDP (17), length 255)
    192.0.0.2.domain > 192.0.0.1.46225: 38053*- 2/0/1 example.com. A 93.184.216.34, example.com. RRSIG (227)
14:23:40.895069 IP (tos 0x0, ttl 64, id 49, offset 0, flags [none], proto UDP (17), length 72)
    192.0.0.1.46225 > 192.0.0.2.domain: 56863+ [1au] A? example.com. (44)
14:23:40.919763 IP (tos 0x0, ttl 48, id 41807, offset 0, flags [none], proto UDP (17), length 84)
    192.0.0.2.domain > 192.0.0.1.46225: 56863*- 1/0/1 example.com. A 93.184.216.34 (56)
14:23:41.930093 IP (tos 0x0, ttl 64, id 68, offset 0, flags [none], proto UDP (17), length 76)
    192.0.0.1.46225 > 192.0.0.2.domain: 47598+ [1au] A? example.com. (48)
14:23:41.953596 IP (tos 0x0, ttl 48, id 63269, offset 0, flags [none], proto UDP (17), length 84)
    192.0.0.2.domain > 192.0.0.1.46225: 47598*- 1/0/1 example.com. A 93.184.216.34 (56)
14:23:42.963130 IP (tos 0x0, ttl 64, id 105, offset 0, flags [none], proto UDP (17), length 72)
    192.0.0.1.46225 > 192.0.0.2.domain: 28412+ [1au] A? example.com. (44)
14:23:42.986476 IP (tos 0x0, ttl 48, id 19494, offset 0, flags [none], proto UDP (17), length 84)
    192.0.0.2.domain > 192.0.0.1.46225: 28412*- 1/0/1 example.com. A 93.184.216.34 (56)
14:23:43.996149 IP (tos 0x0, ttl 64, id 243, offset 0, flags [none], proto UDP (17), length 82)
    192.0.0.1.46225 > 192.0.0.2.domain: 7625+ [1au] A? example.com. (54)
14:23:44.019639 IP (tos 0x0, ttl 48, id 41661, offset 0, flags [none], proto UDP (17), length 84)
    192.0.0.2.domain > 192.0.0.1.46225: 7625*- 1/0/1 example.com. A 93.184.216.34 (56)
14:23:45.029974 IP (tos 0x0, ttl 64, id 309, offset 0, flags [none], proto UDP (17), length 76)
    192.0.0.1.46225 > 192.0.0.2.domain: 17003+ [1au] A? example.com. (48)
14:23:45.053398 IP (tos 0x0, ttl 48, id 63509, offset 0, flags [none], proto UDP (17), length 84)
    192.0.0.2.domain > 192.0.0.1.46225: 17003*- 1/0/1 example.com. A 93.184.216.34 (56)
14:23:46.063066 IP (tos 0x0, ttl 64, id 412, offset 0, flags [none], proto UDP (17), length 78)
    192.0.0.1.46225 > 192.0.0.2.domain: 13853+ [1au] A? example.com. (50)
14:23:46.086364 IP (tos 0x0, ttl 48, id 20226, offset 0, flags [none], proto UDP (17), length 84)
    192.0.0.2.domain > 192.0.0.1.46225: 13853*- 1/0/1 example.com. A 93.184.216.34 (56)
14:23:47.096068 IP (tos 0x0, ttl 64, id 637, offset 0, flags [none], proto UDP (17), length 108)
    192.0.0.1.46225 > 192.0.0.2.domain: 38689+ [1au] A? example.com. (80)
14:23:47.119534 IP (tos 0x0, ttl 48, id 42365, offset 0, flags [none], proto UDP (17), length 112)
    192.0.0.2.domain > 192.0.0.1.46225: 38689*- 1/0/1 example.com. A 93.184.216.34 (84)
14:23:48.129087 IP (tos 0x0, ttl 64, id 862, offset 0, flags [none], proto UDP (17), length 90)
    192.0.0.1.46225 > 192.0.0.2.domain: 16238+ [1au] A? example.com. (62)
14:23:48.152321 IP (tos 0x0, ttl 48, id 64437, offset 0, flags [none], proto UDP (17), length 122)
    192.0.0.2.domain > 192.0.0.1.46225: 16238*- 1/0/1 example.com. A 93.184.216.34 (94)
14:23:49.162032 IP (tos 0x0, ttl 64, id 1032, offset 0, flags [none], proto UDP (17), length 100)
    192.0.0.1.46225 > 192.0.0.2.domain: 29600+ [1au] A? example.com. (72)
14:23:49.185371 IP (tos 0x0, ttl 48, id 20613, offset 0, flags [none], proto UDP (17), length 255)
    192.0.0.2.domain > 192.0.0.1.46225: 29600*- 2/0/1 example.com. A 93.184.216.34, example.com. RRSIG (227)
