    1  15:51:13.645135 IP6 ::1.39913 > ::1.53: 45044+ [1au] A? example.com. (40)
    2  15:51:13.645368 IP6 ::1.53 > ::1.39913: 45044 1/2/5 A 93.184.216.34 (192)
    3  15:51:41.824299 IP6 ::1.40241 > ::1.53: 25196+ [1au] A? example.com. (52)
    4  15:51:41.824510 IP6 ::1.53 > ::1.40241: 25196 1/2/5 A 93.184.216.34 (220)
    5  15:51:58.952626 IP6 ::1.52325 > ::1.53: 1171+ [1au] A? example.com. (56)
    6  15:51:58.952934 IP6 ::1.53 > ::1.52325: 1171 1/2/5 A 93.184.216.34 (220)
    7  15:52:09.278001 IP6 ::1.45845 > ::1.53: 24578+ [1au] A? example.com. (67)
    8  15:52:09.278215 IP6 ::1.53 > ::1.45845: 24578 1/2/5 A 93.184.216.34 (231)
    9  15:52:21.041837 IP6 ::1.55361 > ::1.53: 11702+ [1au] A? example.com. (71)
   10  15:52:21.042080 IP6 ::1.53 > ::1.55361: 11702 1/2/5 A 93.184.216.34 (231)
