reading from file edsa.pcap, link-type DSA_TAG_EDSA (Marvell EDSA), snapshot length 262144
