reading from file kday7.pcap, link-type EN10MB (Ethernet), snapshot length 511
tcpdump: pcap_loop: invalid packet capture length 138948798, bigger than snaplen of 511
