reading from file kday3.pcap, link-type EN10MB (Ethernet), snapshot length 65535
tcpdump: pcap_loop: invalid packet capture length 1817495761, bigger than snaplen of 65535
