reading from file kday1.pcap, link-type EN10MB (Ethernet), snapshot length 65535
tcpdump: pcap_loop: invalid packet capture length 138952731, bigger than snaplen of 65535
