reading from file kday2.pcap, link-type EN10MB (Ethernet), snapshot length 65535
tcpdump: pcap_loop: truncated dump file; tried to read 16 header bytes, only got 3
